../Core/Src/Terminal.c:42:6:Configure	32	static
../Core/Src/Terminal.c:87:6:Transmit	32	static
../Core/Src/Terminal.c:104:6:Receive	32	static
../Core/Src/Terminal.c:112:6:Read_RX_FIFO	8	static
../Core/Src/Terminal.c:130:6:Status	24	static
../Core/Src/Terminal.c:139:6:Register_Access	24	static
../Core/Src/Terminal.c:251:6:Print_Message	8	static
../Core/Src/Terminal.c:259:6:Start	40	static
../Core/Src/Terminal.c:266:6:Reset	32	static
../Core/Src/Terminal.c:274:6:Command	24	static
../Core/Src/Terminal.c:297:6:Print_Registers	24	static
../Core/Src/Terminal.c:327:6:Write_Register	24	static
../Core/Src/Terminal.c:345:6:Read_Register	24	static
../Core/Src/Terminal.c:362:6:Write_Extended_Register	24	static
../Core/Src/Terminal.c:381:6:Read_Extended_Register	24	static
