../Core/Src/Terminal.c:43:6:Configure	32	static
../Core/Src/Terminal.c:88:6:Transmit	32	static
../Core/Src/Terminal.c:105:6:Receive	32	static
../Core/Src/Terminal.c:113:6:Read_RX_FIFO	8	static
../Core/Src/Terminal.c:134:6:Status	24	static
../Core/Src/Terminal.c:143:6:Register_Access	24	static
../Core/Src/Terminal.c:255:6:Print_Message	8	static
../Core/Src/Terminal.c:263:6:Start	40	static
../Core/Src/Terminal.c:270:6:Reset	32	static
../Core/Src/Terminal.c:278:6:Command	24	static
../Core/Src/Terminal.c:301:6:Print_Registers	24	static
../Core/Src/Terminal.c:331:6:Write_Register	24	static
../Core/Src/Terminal.c:349:6:Read_Register	24	static
../Core/Src/Terminal.c:366:6:Write_Extended_Register	24	static
../Core/Src/Terminal.c:385:6:Read_Extended_Register	24	static
